../Core/Src/main.c:137:5:main	16	static,ignoring_inline_asm
../Core/Src/main.c:214:6:SystemClock_Config	88	static
../Core/Src/main.c:269:13:MX_CAN1_Init	48	static
../Core/Src/main.c:321:13:MX_CAN2_Init	48	static
../Core/Src/main.c:374:13:MX_SPI1_Init	8	static
../Core/Src/main.c:412:13:MX_TIM2_Init	32	static
../Core/Src/main.c:459:13:MX_UART4_Init	8	static
../Core/Src/main.c:492:13:MX_GPIO_Init	48	static
../Core/Src/main.c:521:6:HAL_CAN_RxFifo0MsgPendingCallback	16	static
../Core/Src/main.c:526:6:HAL_CAN_RxFifo1MsgPendingCallback	16	static
../Core/Src/main.c:531:6:CAN_SortAndHandle	32	static
../Core/Src/main.c:572:6:PacketLengthFormatter	16	static
../Core/Src/main.c:591:6:TransmitPacket	8	static
../Core/Src/main.c:603:6:HAL_UARTEx_RxEventCallback	16	static
../Core/Src/main.c:646:6:ConnectingInternet	16	static,ignoring_inline_asm
../Core/Src/main.c:672:6:ConnectingMQTT	16	static
../Core/Src/main.c:696:6:HAL_TIM_PeriodElapsedCallback	16	static
../Core/Src/main.c:714:6:ResetXbee_Soft	8	static,ignoring_inline_asm
../Core/Src/main.c:728:6:ResetXbee_Hard	8	static,ignoring_inline_asm
../Core/Src/main.c:759:6:Error_Handler	8	static,ignoring_inline_asm
